9/26 20:10:00.000  COMBAT_LOG_VERSION,16,ADVANCED_LOG_ENABLED,1,BUILD_VERSION,9.0.2,PROJECT_ID,1
9/26 20:10:00.000  ZONE_CHANGE,2284,"Sanguine Depths",8
9/26 20:10:01.000  MAP_CHANGE,1675,"Sanguine Depths",-1300.000000,-1900.000000,6700.000000,6100.000000
9/26 20:10:02.000  SPELL_SUMMON,Player-4184-000000A4,"Thalgrit-Nightslayer",0x511,0x0,Pet-0-2085-2284-7855-165189-01000000B1,"Ashfang",0x1114,0x0,883,"Call Pet 1",0x1
9/26 20:10:03.000  SPELL_CAST_START,Player-4184-000000A3,"Morrowlyn-Nightslayer",0x512,0x0,0000000000000000,nil,0x80000000,0x80000000,116,"Frostbolt",0x10
9/26 20:10:04.500  SPELL_CAST_SUCCESS,Player-4184-000000A3,"Morrowlyn-Nightslayer",0x512,0x0,Creature-0-2085-2284-7855-169753-0000AA0001,"Hollow Sentinel",0xa48,0x0,116,"Frostbolt",0x10,Player-4184-000000A3,0000000000000000,7480,7480,143,655,1210,0,0,9330,9330,0,-1490.55,6412.18,1675,3.5217,182
9/26 20:10:04.600  SPELL_DAMAGE,Player-4184-000000A3,"Morrowlyn-Nightslayer",0x512,0x0,Creature-0-2085-2284-7855-169753-0000AA0001,"Hollow Sentinel",0xa48,0x0,116,"Frostbolt",0x10,Creature-0-2085-2284-7855-169753-0000AA0001,0000000000000000,41320,44000,612,0,1955,0,0,0,0,0,-1487.02,6409.71,1675,1.2044,45,1484,1390,-1,16,0,0,0,1,nil,nil
9/26 20:10:05.100  SWING_DAMAGE,Creature-0-2085-2284-7855-169753-0000AA0001,"Hollow Sentinel",0xa48,0x0,Player-4184-000000A1,"Baelgrim-Nightslayer",0x511,0x0,Creature-0-2085-2284-7855-169753-0000AA0001,0000000000000000,41320,44000,612,0,1955,0,1,0,1000,0,-1487.02,6409.71,1675,1.2044,45,812,1290,-1,1,0,0,0,nil,nil,nil
9/26 20:10:05.100  SWING_DAMAGE_LANDED,Creature-0-2085-2284-7855-169753-0000AA0001,"Hollow Sentinel",0xa48,0x0,Player-4184-000000A1,"Baelgrim-Nightslayer",0x511,0x0,Player-4184-000000A1,0000000000000000,10188,11000,388,0,4120,0,1,0,1000,0,-1489.90,6410.05,1675,4.1002,183,812,1290,-1,1,0,0,0,nil,nil,nil
9/26 20:10:05.400  SWING_MISSED,Creature-0-2085-2284-7855-169753-0000AA0001,"Hollow Sentinel",0xa48,0x0,Player-4184-000000A1,"Baelgrim-Nightslayer",0x511,0x0,PARRY,nil
9/26 20:10:05.700  SWING_MISSED,Creature-0-2085-2284-7855-169753-0000AA0001,"Hollow Sentinel",0xa48,0x0,Player-4184-000000A1,"Baelgrim-Nightslayer",0x511,0x0,ABSORB,nil,640,905,nil
9/26 20:10:05.700  SPELL_ABSORBED,Creature-0-2085-2284-7855-169753-0000AA0001,"Hollow Sentinel",0xa48,0x0,Player-4184-000000A1,"Baelgrim-Nightslayer",0x511,0x0,Player-4184-000000A2,"Sunwick-Nightslayer",0x512,0x0,17,"Power Word: Shield",0x2,640,905,nil
9/26 20:10:06.000  SPELL_MISSED,Creature-0-2085-2284-7855-169753-0000AA0001,"Hollow Sentinel",0xa48,0x0,Player-4184-000000A1,"Baelgrim-Nightslayer",0x511,0x0,334660,"Anima Lash",0x20,ABSORB,nil,1200,1610,nil
9/26 20:10:06.000  SPELL_ABSORBED,Creature-0-2085-2284-7855-169753-0000AA0001,"Hollow Sentinel",0xa48,0x0,Player-4184-000000A1,"Baelgrim-Nightslayer",0x511,0x0,334660,"Anima Lash",0x20,Player-4184-000000A2,"Sunwick-Nightslayer",0x512,0x0,17,"Power Word: Shield",0x2,1200,1610,nil
9/26 20:10:07.200  SPELL_HEAL,Player-4184-000000A2,"Sunwick-Nightslayer",0x512,0x0,Player-4184-000000A1,"Baelgrim-Nightslayer",0x511,0x0,2060,"Heal",0x2,Player-4184-000000A1,0000000000000000,11000,11000,388,0,4120,0,0,9330,9330,0,-1489.90,6410.05,1675,4.1002,183,1618,1618,806,0,1
9/26 20:10:07.800  SPELL_PERIODIC_HEAL,Player-4184-000000A2,"Sunwick-Nightslayer",0x512,0x0,Player-4184-000000A1,"Baelgrim-Nightslayer",0x511,0x0,139,"Renew",0x2,Player-4184-000000A1,0000000000000000,11000,11000,388,0,4120,0,0,9330,9330,0,-1489.90,6410.05,1675,4.1002,183,240,240,240,0,nil
9/26 20:10:08.000  SPELL_ENERGIZE,Player-4184-000000A1,"Baelgrim-Nightslayer",0x511,0x0,Player-4184-000000A1,"Baelgrim-Nightslayer",0x511,0x0,34428,"Victory Rush",0x1,Player-4184-000000A1,0000000000000000,11000,11000,388,0,4120,0,1,320,1000,0,-1489.90,6410.05,1675,4.1002,183,50.0000,0.0000,1,1000
9/26 20:10:08.400  SPELL_AURA_APPLIED,Player-4184-000000A2,"Sunwick-Nightslayer",0x512,0x0,Player-4184-000000A1,"Baelgrim-Nightslayer",0x511,0x0,17,"Power Word: Shield",0x2,BUFF,2210
9/26 20:10:08.900  SPELL_AURA_APPLIED,Player-4184-000000A3,"Morrowlyn-Nightslayer",0x512,0x0,Creature-0-2085-2284-7855-169753-0000AA0001,"Hollow Sentinel",0xa48,0x0,122,"Frost Nova",0x10,DEBUFF
9/26 20:10:09.300  SPELL_AURA_APPLIED_DOSE,Player-4184-000000A1,"Baelgrim-Nightslayer",0x511,0x0,Creature-0-2085-2284-7855-169753-0000AA0001,"Hollow Sentinel",0xa48,0x0,7386,"Sunder Armor",0x1,DEBUFF,3
9/26 20:10:09.800  SPELL_AURA_REMOVED,Player-4184-000000A3,"Morrowlyn-Nightslayer",0x512,0x0,Creature-0-2085-2284-7855-169753-0000AA0001,"Hollow Sentinel",0xa48,0x0,122,"Frost Nova",0x10,DEBUFF
9/26 20:10:10.100  SPELL_INTERRUPT,Player-4184-000000A1,"Baelgrim-Nightslayer",0x511,0x0,Creature-0-2085-2284-7855-169753-0000AA0001,"Hollow Sentinel",0xa48,0x0,6552,"Pummel",0x1,334653,"Anima Surge",32
9/26 20:10:10.600  SPELL_DISPEL,Player-4184-000000A2,"Sunwick-Nightslayer",0x512,0x0,Player-4184-000000A3,"Morrowlyn-Nightslayer",0x512,0x0,527,"Purify",0x2,321038,"Wrack Soul",32,DEBUFF
9/26 20:10:11.000  SPELL_CAST_FAILED,Player-4184-000000A3,"Morrowlyn-Nightslayer",0x512,0x0,0000000000000000,nil,0x80000000,0x80000000,116,"Frostbolt",0x10,"Not enough mana"
9/26 20:10:11.500  ENVIRONMENTAL_DAMAGE,0000000000000000,nil,0x80000000,0x80000000,Player-4184-000000A4,"Thalgrit-Nightslayer",0x511,0x0,Player-4184-000000A4,0000000000000000,7100,9400,455,0,2010,0,0,8200,8200,0,-1492.31,6402.66,1675,5.4611,181,Falling,1140,1140,0,1,0,0,0,nil,nil,nil
9/26 20:10:12.000  SPELL_HEAL_ABSORBED,Creature-0-2085-2284-7855-169753-0000AA0001,"Hollow Sentinel",0xa48,0x0,Player-4184-000000A1,"Baelgrim-Nightslayer",0x511,0x0,320462,"Necrotic Wound",0x20,Player-4184-000000A2,"Sunwick-Nightslayer",0x512,0x0,2060,"Heal",0x2,412,412
9/26 20:10:13.000  UNIT_DIED,0000000000000000,nil,0x80000000,0x80000000,Creature-0-2085-2284-7855-169753-0000AA0001,"Hollow Sentinel",0xa48,0x0,0
9/26 20:10:13.000  PARTY_KILL,Player-4184-000000A3,"Morrowlyn-Nightslayer",0x512,0x0,Creature-0-2085-2284-7855-169753-0000AA0001,"Hollow Sentinel",0xa48,0x0,0
9/26 20:12:00.000  ENCOUNTER_START,9001,"Warden Kelthas",8,5,2284
9/26 20:12:00.500  COMBATANT_INFO,Player-4184-000000A1,0,1180,88,2790,72,0,0,0,241,241,241,0,0,610,610,610,0,52,880,880,720,4120,73,(202751,262111,215568,199045,203177,206315,202572),(0,3733,3616,3615),[0,1,[],[],[]],[(175850,183,(),(6788,1487,6646),()),(175885,183,(),(6788,1487,6646),()),(0,0,(),(),())],[Player-4184-000000A2,17,Player-4184-000000A1,871],184,0,0,0
9/26 20:12:01.000  COMBATANT_INFO,Player-4184-000000A2,0,120,88,1980,3120,0,0,0,180,180,180,0,0,540,540,540,0,38,610,610,520,3140,257,(200183,213610,197632,213791,197817,213684,197813),(0,3733,3616,3615),[0,1,[],[],[]],[(178466,179,(),(6788,1487,6646),()),(178485,179,(),(6788,1487,6646),()),(0,0,(),(),())],[Player-4184-000000A1,1243],179,0,0,0
9/26 20:12:02.000  SPELL_INSTAKILL,Player-4184-000000A4,"Thalgrit-Nightslayer",0x511,0x0,Pet-0-2085-2284-7855-165189-01000000B1,"Ashfang",0x1114,0x0,2641,"Dismiss Pet",0x1,0
9/26 20:12:03.000  ENCHANT_APPLIED,Player-4184-000000A1,"Baelgrim-Nightslayer",0x511,0x0,Player-4184-000000A1,"Baelgrim-Nightslayer",0x511,0x0,"Shadowcore Oil",178473,"Sentinel's Bulwark"
9/26 20:12:03.500  COMBATANT_INFO,Player-4184-000000A3,0,410,60,980,1240,0,0,0,150,150,150,0,0,520,520,520,0,44,300,300,910,2870,63,(11071,11119,11129,12358,11175,12043,11237),(0,3733,3616,3615),[0,1,[],[],[]],[(175851,181,(),(6788,1487,6646),()),(175886,181,(),(6788,1487,6646),()),(0,0,(),(),())],[Player-4184-000000A2,17,Player-4184-000000A3,871],181,0,0,0
9/26 20:12:04.000  SPELL_AURA_APPLIED,Player-4184-000000A2,"Sunwick-Nightslayer",0x512,0x0,Player-4184-000000A1,"Baelgrim-Nightslayer",0x511,0x0,1243,"Power Word: Fortitude",0x2,BUFF
9/26 20:12:05.000  SPELL_CAST_SUCCESS,Player-4184-000000A3,"Morrowlyn-Nightslayer",0x512,0x0,Creature-0-2085-2284-7855-169754-0000AA0002,"Warden Kelthas",0xa48,0x0,116,"Frostbolt",0x10,Player-4184-000000A3,0000000000000000,7480,7480,143,655,1210,0,0,8900,9330,0,-1490.55,6412.18,1675,3.5217,182
9/26 20:12:05.200  SPELL_DAMAGE,Player-4184-000000A3,"Morrowlyn-Nightslayer",0x512,0x0,Creature-0-2085-2284-7855-169754-0000AA0002,"Warden Kelthas",0xa48,0x0,116,"Frostbolt",0x10,Creature-0-2085-2284-7855-169754-0000AA0002,0000000000000000,980000,1000000,900,0,3000,0,0,0,0,0,-1487.02,6409.71,1675,1.2044,45,1510,1510,-1,16,0,0,0,nil,nil,nil
9/26 20:12:06.000  SPELL_PERIODIC_ENERGIZE,Player-4184-000000A3,"Morrowlyn-Nightslayer",0x512,0x0,Player-4184-000000A3,"Morrowlyn-Nightslayer",0x512,0x0,57669,"Replenishment",0x1,Player-4184-000000A3,0000000000000000,7480,7480,143,655,1210,0,0,9000,9330,0,-1490.55,6412.18,1675,3.5217,182,100.0000,0.0000,0,9330
9/26 20:12:07.000  SPELL_DAMAGE,Player-4184-000000A1,"Baelgrim-Nightslayer",0x511,0x0,Creature-0-2085-2284-7855-169754-0000AA0002,"Warden Kelthas",0xa48,0x0,1464,"Slam",0x1,Creature-0-2085-2284-7855-169754-0000AA0002,0000000000000000,975000,1000000,900,0,3000,0,0,0,0,0,-1487.02,6409.71,1675,1.2044,45,2100,2100,-1,1,0,0,0,1,nil,nil
9/26 20:12:08.000  SWING_DAMAGE_LANDED,Creature-0-2085-2284-7855-169754-0000AA0002,"Warden Kelthas",0xa48,0x0,Player-4184-000000A4,"Thalgrit-Nightslayer",0x511,0x0,Player-4184-000000A4,0000000000000000,5200,9400,455,0,2010,0,0,8200,8200,0,-1492.31,6402.66,1675,5.4611,181,1900,1900,-1,1,0,0,0,nil,nil,nil
9/26 20:12:09.000  SPELL_DAMAGE,Creature-0-2085-2284-7855-169754-0000AA0002,"Warden Kelthas",0xa48,0x0,Player-4184-000000A4,"Thalgrit-Nightslayer",0x511,0x0,334660,"Anima Lash",0x20,Player-4184-000000A4,0000000000000000,2300,9400,455,0,2010,0,0,8200,8200,0,-1492.31,6402.66,1675,5.4611,181,2900,2900,-1,32,0,0,0,nil,nil,nil
9/26 20:12:09.500  SPELL_AURA_APPLIED,Creature-0-2085-2284-7855-169754-0000AA0002,"Warden Kelthas",0xa48,0x0,Player-4184-000000A4,"Thalgrit-Nightslayer",0x511,0x0,320462,"Necrotic Wound",0x20,DEBUFF
9/26 20:12:10.000  SPELL_DAMAGE,Creature-0-2085-2284-7855-169754-0000AA0002,"Warden Kelthas",0xa48,0x0,Player-4184-000000A4,"Thalgrit-Nightslayer",0x511,0x0,334660,"Anima Lash",0x20,Player-4184-000000A4,0000000000000000,0,9400,455,0,2010,0,0,8200,8200,0,-1492.31,6402.66,1675,5.4611,181,2400,2400,100,32,0,0,0,nil,nil,nil
9/26 20:12:10.100  UNIT_DIED,0000000000000000,nil,0x80000000,0x80000000,Player-4184-000000A4,"Thalgrit-Nightslayer",0x511,0x0,0
9/26 20:12:11.000  SPELL_AURA_REMOVED,Creature-0-2085-2284-7855-169754-0000AA0002,"Warden Kelthas",0xa48,0x0,Player-4184-000000A4,"Thalgrit-Nightslayer",0x511,0x0,320462,"Necrotic Wound",0x20,DEBUFF
9/26 20:12:12.000  SPELL_HEAL,Player-4184-000000A2,"Sunwick-Nightslayer",0x512,0x0,Player-4184-000000A1,"Baelgrim-Nightslayer",0x511,0x0,2060,"Heal",0x2,Player-4184-000000A1,0000000000000000,9800,11000,388,0,4120,0,0,8000,9330,0,-1489.90,6410.05,1675,4.1002,183,1900,1900,320,0,nil
9/26 20:12:13.000  SPELL_PERIODIC_DAMAGE,Player-4184-000000A5,"Elyra Duskvale-Hardcore",0x512,0x0,Creature-0-2085-2284-7855-169754-0000AA0002,"Warden Kelthas",0xa48,0x0,589,"Shadow Word: Pain",0x20,Creature-0-2085-2284-7855-169754-0000AA0002,0000000000000000,890000,1000000,900,0,3000,0,0,0,0,0,-1487.02,6409.71,1675,1.2044,45,640,640,-1,32,0,0,0,nil,nil,nil
9/26 20:12:20.000  SPELL_DAMAGE,Player-4184-000000A3,"Morrowlyn-Nightslayer",0x512,0x0,Creature-0-2085-2284-7855-169754-0000AA0002,"Warden Kelthas",0xa48,0x0,116,"Frostbolt",0x10,Creature-0-2085-2284-7855-169754-0000AA0002,0000000000000000,900000,1000000,900,0,3000,0,0,0,0,0,-1487.02,6409.71,1675,1.2044,45,1600,1600,-1,16,0,0,0,1,nil,nil
9/26 20:12:30.000  SPELL_DAMAGE,Player-4184-000000A1,"Baelgrim-Nightslayer",0x511,0x0,Creature-0-2085-2284-7855-169754-0000AA0002,"Warden Kelthas",0xa48,0x0,1464,"Slam",0x1,Creature-0-2085-2284-7855-169754-0000AA0002,0000000000000000,800000,1000000,900,0,3000,0,0,0,0,0,-1487.02,6409.71,1675,1.2044,45,2300,2300,-1,1,0,0,0,nil,nil,nil
9/26 20:12:35.000  SPELL_AURA_REMOVED,Player-4184-000000A2,"Sunwick-Nightslayer",0x512,0x0,Player-4184-000000A1,"Baelgrim-Nightslayer",0x511,0x0,1243,"Power Word: Fortitude",0x2,BUFF
9/26 20:12:39.000  UNIT_DIED,0000000000000000,nil,0x80000000,0x80000000,Creature-0-2085-2284-7855-169754-0000AA0002,"Warden Kelthas",0xa48,0x0,0
9/26 20:12:40.000  ENCOUNTER_END,9001,"Warden Kelthas",8,5,1
